projects/amazon-trend-analyzer/qb_chunks/page_061_skip061000.csv
ASIN Buyability Flag,asin_status,CVR%,revenue,asp,units,gv,Images #,Videos #,Has A+ Content,Buybox Winner,Average Rating,Number of Ratings,bb_price,Ad CTR%,Ad CVR%,bsr,brand,Ad CPC$,ASIN (Description),Update Type,Sold By Amazon,Has Coupon?,Has Store Link?,In Stock Today?,category,Sellable On Hand Units,asin,date,Ad Cost,Ad Sales,Ad Clicks,Ad Impressions,Ad Conversions
In Stock,ACTIVE,0.111,10.0,4.99,2.0,18.0,6.0,0.0,True,,4.7,2462.0,4.99,,,131.0,Glad,,"B07HJ59J4J (Glad - 16oz Paper Bowls, 15ct - Green Victorian (French/English))",[],True,False,True,False,Disposable Tabletop,478.0,B07HJ59J4J,2026-03-22,,,,,
In Stock,ACTIVE,0.063,5.0,4.99,1.0,16.0,6.0,0.0,True,,4.7,2461.0,4.99,,,128.0,Glad,,"B07HJ59J4J (Glad - 16oz Paper Bowls, 15ct - Green Victorian (French/English))",[],True,False,True,False,Disposable Tabletop,469.0,B07HJ59J4J,2026-03-21,,,,,
In Stock,ACTIVE,0.429,15.0,4.99,3.0,7.0,6.0,0.0,True,,4.7,2461.0,4.99,,,127.0,Glad,,"B07HJ59J4J (Glad - 16oz Paper Bowls, 15ct - Green Victorian (French/English))",[],True,False,True,False,Disposable Tabletop,500.0,B07HJ59J4J,2026-03-20,,,,,
In Stock,ACTIVE,0.05,5.0,4.99,1.0,20.0,6.0,0.0,True,,4.7,2460.0,4.99,,,114.0,Glad,,"B07HJ59J4J (Glad - 16oz Paper Bowls, 15ct - Green Victorian (French/English))",[],True,False,True,False,Disposable Tabletop,478.0,B07HJ59J4J,2026-03-19,,,,,
In Stock,ACTIVE,0.2,10.0,4.99,2.0,10.0,6.0,0.0,True,,4.7,2465.0,4.99,,,106.0,Glad,,"B07HJ59J4J (Glad - 16oz Paper Bowls, 15ct - Green Victorian (French/English))",[],True,False,True,False,Disposable Tabletop,460.0,B07HJ59J4J,2026-03-18,,,,,
In Stock,ACTIVE,0.1,5.0,4.99,1.0,10.0,6.0,0.0,True,,4.7,2457.0,4.99,,,86.0,Glad,,"B07HJ59J4J (Glad - 16oz Paper Bowls, 15ct - Green Victorian (French/English))",[],True,False,True,False,Disposable Tabletop,455.0,B07HJ59J4J,2026-03-17,,,,,
In Stock,ACTIVE,0.389,35.0,4.99,7.0,18.0,6.0,0.0,True,,4.7,2373.0,4.99,,,94.0,Glad,,"B07HJ59J4J (Glad - 16oz Paper Bowls, 15ct - Green Victorian (French/English))",[],True,False,True,False,Disposable Tabletop,463.0,B07HJ59J4J,2026-03-16,,,,,
In Stock,ACTIVE,0.137,35.0,4.99,7.0,51.0,6.0,0.0,True,,4.7,2457.0,4.99,,,101.0,Glad,,"B07HJ59J4J (Glad - 16oz Paper Bowls, 15ct - Green Victorian (French/English))",[],True,False,True,False,Disposable Tabletop,476.0,B07HJ59J4J,2026-03-15,,,,,
In Stock,ACTIVE,0.235,38.0,4.74,8.0,34.0,6.0,0.0,True,,4.7,2456.0,4.99,,,94.0,Glad,,"B07HJ59J4J (Glad - 16oz Paper Bowls, 15ct - Green Victorian (French/English))",[],True,False,True,False,Disposable Tabletop,490.0,B07HJ59J4J,2026-03-14,,,,,
In Stock,ACTIVE,0.333,52.0,3.7,14.0,42.0,6.0,0.0,True,,4.7,2456.0,4.99,,,85.0,Glad,,"B07HJ59J4J (Glad - 16oz Paper Bowls, 15ct - Green Victorian (French/English))",[],True,False,True,False,Disposable Tabletop,505.0,B07HJ59J4J,2026-03-13,,,,,
In Stock,ACTIVE,0.137,46.0,4.59,10.0,73.0,6.0,0.0,True,,4.7,2456.0,4.99,,,96.0,Glad,,"B07HJ59J4J (Glad - 16oz Paper Bowls, 15ct - Green Victorian (French/English))",[],True,False,True,False,Disposable Tabletop,516.0,B07HJ59J4J,2026-03-12,,,,,
In Stock,ACTIVE,0.111,30.0,4.99,6.0,54.0,6.0,0.0,True,,4.7,2456.0,4.99,,,85.0,Glad,,"B07HJ59J4J (Glad - 16oz Paper Bowls, 15ct - Green Victorian (French/English))",[],True,False,True,False,Disposable Tabletop,512.0,B07HJ59J4J,2026-03-11,,,,,
In Stock,ACTIVE,0.043,10.0,4.99,2.0,47.0,6.0,0.0,True,,4.7,2456.0,4.99,,,90.0,Glad,,"B07HJ59J4J (Glad - 16oz Paper Bowls, 15ct - Green Victorian (French/English))",[],True,False,True,False,Disposable Tabletop,514.0,B07HJ59J4J,2026-03-10,,,,,
In Stock,ACTIVE,0.268,53.0,4.81,11.0,41.0,6.0,0.0,True,,4.7,2456.0,4.99,,,93.0,Glad,,"B07HJ59J4J (Glad - 16oz Paper Bowls, 15ct - Green Victorian (French/English))",[],True,False,True,False,Disposable Tabletop,522.0,B07HJ59J4J,2026-03-09,,,,,
In Stock,ACTIVE,0.103,15.0,4.99,3.0,29.0,6.0,0.0,True,,4.7,2456.0,4.99,,,107.0,Glad,,"B07HJ59J4J (Glad - 16oz Paper Bowls, 15ct - Green Victorian (French/English))",[],True,False,True,False,Disposable Tabletop,525.0,B07HJ59J4J,2026-03-08,,,,,
In Stock,ACTIVE,0.231,30.0,5.08,6.0,26.0,6.0,0.0,True,,4.7,2456.0,5.08,,,113.0,Glad,,"B07HJ59J4J (Glad - 16oz Paper Bowls, 15ct - Green Victorian (French/English))",[],True,False,True,False,Disposable Tabletop,535.0,B07HJ59J4J,2026-03-07,,,,,
In Stock,ACTIVE,0.389,36.0,5.08,7.0,18.0,6.0,0.0,True,,4.7,2456.0,5.08,,,113.0,Glad,,"B07HJ59J4J (Glad - 16oz Paper Bowls, 15ct - Green Victorian (French/English))",[],True,False,True,False,Disposable Tabletop,546.0,B07HJ59J4J,2026-03-06,,,,,
In Stock,ACTIVE,0.05,5.0,4.99,1.0,20.0,6.0,0.0,True,,4.7,2455.0,4.99,,,109.0,Glad,,"B07HJ59J4J (Glad - 16oz Paper Bowls, 15ct - Green Victorian (French/English))",[],True,False,True,False,Disposable Tabletop,551.0,B07HJ59J4J,2026-03-05,,,,,
In Stock,ACTIVE,0.148,20.0,4.99,4.0,27.0,6.0,0.0,True,,4.7,2454.0,5.13,,,115.0,Glad,,"B07HJ59J4J (Glad - 16oz Paper Bowls, 15ct - Green Victorian (French/English))",[],True,False,True,False,Disposable Tabletop,548.0,B07HJ59J4J,2026-03-04,,,,,
In Stock,ACTIVE,0.05599999999999999,10.0,4.99,2.0,36.0,6.0,0.0,True,,4.7,2453.0,4.99,,,92.0,Glad,,"B07HJ59J4J (Glad - 16oz Paper Bowls, 15ct - Green Victorian (French/English))",[],True,False,True,False,Disposable Tabletop,561.0,B07HJ59J4J,2026-03-03,,,,,
In Stock,ACTIVE,0.207,30.0,4.99,6.0,29.0,6.0,0.0,True,,4.7,2453.0,4.99,,,85.0,Glad,,"B07HJ59J4J (Glad - 16oz Paper Bowls, 15ct - Green Victorian (French/English))",[],True,False,True,False,Disposable Tabletop,563.0,B07HJ59J4J,2026-03-02,,,,,
In Stock,ACTIVE,0.161,20.0,4.01,5.0,31.0,6.0,0.0,True,,4.7,2453.0,3.76,,,91.0,Glad,,"B07HJ59J4J (Glad - 16oz Paper Bowls, 15ct - Green Victorian (French/English))",[],True,False,True,False,Disposable Tabletop,569.0,B07HJ59J4J,2026-03-01,,,,,
In Stock,ACTIVE,0.474,68.0,3.76,18.0,38.0,6.0,0.0,True,,4.7,2453.0,3.76,,,92.0,Glad,,"B07HJ59J4J (Glad - 16oz Paper Bowls, 15ct - Green Victorian (French/English))",[],True,False,True,False,Disposable Tabletop,581.0,B07HJ59J4J,2026-02-28,,,,,
In Stock,ACTIVE,0.355,44.0,4.0,11.0,31.0,6.0,0.0,True,,4.7,2453.0,4.99,,,92.0,Glad,,"B07HJ59J4J (Glad - 16oz Paper Bowls, 15ct - Green Victorian (French/English))",[],True,False,True,False,Disposable Tabletop,590.0,B07HJ59J4J,2026-02-27,,,,,
In Stock,ACTIVE,0.1,15.0,4.98,3.0,30.0,6.0,0.0,True,,4.7,2453.0,4.99,,,94.0,Glad,,"B07HJ59J4J (Glad - 16oz Paper Bowls, 15ct - Green Victorian (French/English))",[],True,False,True,False,Disposable Tabletop,607.0,B07HJ59J4J,2026-02-26,,,,,
In Stock,ACTIVE,0.76,79.0,4.15,19.0,25.0,6.0,0.0,True,,4.7,2453.0,4.99,,,85.0,Glad,,"B07HJ59J4J (Glad - 16oz Paper Bowls, 15ct - Green Victorian (French/English))",[],True,False,True,False,Disposable Tabletop,614.0,B07HJ59J4J,2026-02-25,,,,,
In Stock,ACTIVE,0.1,10.0,4.99,2.0,20.0,6.0,0.0,True,,4.7,2452.0,4.99,,,76.0,Glad,,"B07HJ59J4J (Glad - 16oz Paper Bowls, 15ct - Green Victorian (French/English))",[],True,False,True,False,Disposable Tabletop,621.0,B07HJ59J4J,2026-02-24,,,,,
In Stock,ACTIVE,0.15,14.0,4.56,3.0,20.0,6.0,0.0,True,,4.7,2451.0,4.56,,,71.0,Glad,,"B07HJ59J4J (Glad - 16oz Paper Bowls, 15ct - Green Victorian (French/English))",[],True,False,True,False,Disposable Tabletop,623.0,B07HJ59J4J,2026-02-23,,,,,
In Stock,ACTIVE,0.053,5.0,4.56,1.0,19.0,6.0,0.0,True,,4.7,2451.0,4.56,,,89.0,Glad,,"B07HJ59J4J (Glad - 16oz Paper Bowls, 15ct - Green Victorian (French/English))",[],True,False,True,False,Disposable Tabletop,627.0,B07HJ59J4J,2026-02-22,,,,,
In Stock,ACTIVE,0.167,23.0,4.56,5.0,30.0,6.0,0.0,True,,4.7,2451.0,4.56,,,98.0,Glad,,"B07HJ59J4J (Glad - 16oz Paper Bowls, 15ct - Green Victorian (French/English))",[],True,False,True,False,Disposable Tabletop,630.0,B07HJ59J4J,2026-02-21,,,,,
In Stock,ACTIVE,0.19,18.0,4.5,4.0,21.0,6.0,0.0,True,,4.7,2451.0,4.35,,,96.0,Glad,,"B07HJ59J4J (Glad - 16oz Paper Bowls, 15ct - Green Victorian (French/English))",[],True,False,True,False,Disposable Tabletop,632.0,B07HJ59J4J,2026-02-20,,,,,
In Stock,ACTIVE,0.19,19.0,4.76,4.0,21.0,6.0,0.0,True,,4.7,2451.0,4.35,,,102.0,Glad,,"B07HJ59J4J (Glad - 16oz Paper Bowls, 15ct - Green Victorian (French/English))",[],True,False,True,False,Disposable Tabletop,639.0,B07HJ59J4J,2026-02-19,,,,,
In Stock,ACTIVE,0.12,14.0,4.71,3.0,25.0,6.0,0.0,True,,4.7,2451.0,4.35,,,84.0,Glad,,"B07HJ59J4J (Glad - 16oz Paper Bowls, 15ct - Green Victorian (French/English))",[],True,False,True,False,Disposable Tabletop,645.0,B07HJ59J4J,2026-02-18,,,,,
In Stock,ACTIVE,0.217,22.0,4.37,5.0,23.0,6.0,0.0,True,,4.7,2451.0,4.35,,,82.0,Glad,,"B07HJ59J4J (Glad - 16oz Paper Bowls, 15ct - Green Victorian (French/English))",[],True,False,True,False,Disposable Tabletop,645.0,B07HJ59J4J,2026-02-17,,,,,
In Stock,ACTIVE,0.148,17.0,4.35,4.0,27.0,6.0,0.0,True,,4.7,2451.0,4.35,,,81.0,Glad,,"B07HJ59J4J (Glad - 16oz Paper Bowls, 15ct - Green Victorian (French/English))",[],True,False,True,False,Disposable Tabletop,651.0,B07HJ59J4J,2026-02-16,,,,,
In Stock,ACTIVE,0.25,13.0,4.34,3.0,12.0,6.0,0.0,True,,4.7,2450.0,4.34,,,87.0,Glad,,"B07HJ59J4J (Glad - 16oz Paper Bowls, 15ct - Green Victorian (French/English))",[],True,False,True,False,Disposable Tabletop,654.0,B07HJ59J4J,2026-02-15,,,,,
In Stock,ACTIVE,0.214,13.0,4.34,3.0,14.0,6.0,0.0,True,,4.7,2450.0,4.34,,,96.0,Glad,,"B07HJ59J4J (Glad - 16oz Paper Bowls, 15ct - Green Victorian (French/English))",[],True,False,True,False,Disposable Tabletop,659.0,B07HJ59J4J,2026-02-14,,,,,
In Stock,ACTIVE,0.083,4.0,4.34,1.0,12.0,6.0,0.0,True,,4.7,2450.0,4.34,,,84.0,Glad,,"B07HJ59J4J (Glad - 16oz Paper Bowls, 15ct - Green Victorian (French/English))",[],True,False,True,False,Disposable Tabletop,660.0,B07HJ59J4J,2026-02-13,,,,,
In Stock,ACTIVE,0.091,4.0,4.34,1.0,11.0,6.0,0.0,True,,4.7,2450.0,4.34,,,89.0,Glad,,"B07HJ59J4J (Glad - 16oz Paper Bowls, 15ct - Green Victorian (French/English))",[],True,False,True,False,Disposable Tabletop,662.0,B07HJ59J4J,2026-02-12,,,,,
In Stock,ACTIVE,0.158,14.0,4.77,3.0,19.0,6.0,0.0,True,,4.7,2450.0,4.99,,,83.0,Glad,,"B07HJ59J4J (Glad - 16oz Paper Bowls, 15ct - Green Victorian (French/English))",[],True,False,True,False,Disposable Tabletop,665.0,B07HJ59J4J,2026-02-11,,,,,
In Stock,ACTIVE,0.059,5.0,4.99,1.0,17.0,6.0,0.0,True,,4.7,2449.0,4.99,,,88.0,Glad,,"B07HJ59J4J (Glad - 16oz Paper Bowls, 15ct - Green Victorian (French/English))",[],True,False,True,False,Disposable Tabletop,669.0,B07HJ59J4J,2026-02-10,,,,,
In Stock,ACTIVE,0.071,5.0,4.97,1.0,14.0,6.0,0.0,True,,4.7,2448.0,4.99,,,97.0,Glad,,"B07HJ59J4J (Glad - 16oz Paper Bowls, 15ct - Green Victorian (French/English))",[],True,False,True,False,Disposable Tabletop,671.0,B07HJ59J4J,2026-02-09,,,,,
In Stock,ACTIVE,0.208,25.0,4.99,5.0,24.0,6.0,0.0,True,,4.7,2448.0,4.99,,,101.0,Glad,,"B07HJ59J4J (Glad - 16oz Paper Bowls, 15ct - Green Victorian (French/English))",[],True,False,True,False,Disposable Tabletop,675.0,B07HJ59J4J,2026-02-08,,,,,
In Stock,ACTIVE,0.13,14.0,4.69,3.0,23.0,6.0,0.0,True,,4.7,2447.0,4.99,,,103.0,Glad,,"B07HJ59J4J (Glad - 16oz Paper Bowls, 15ct - Green Victorian (French/English))",[],True,False,True,False,Disposable Tabletop,677.0,B07HJ59J4J,2026-02-07,,,,,
In Stock,ACTIVE,0.069,8.0,3.77,2.0,29.0,6.0,0.0,True,,4.7,2447.0,4.54,,,110.0,Glad,,"B07HJ59J4J (Glad - 16oz Paper Bowls, 15ct - Green Victorian (French/English))",[],True,False,True,False,Disposable Tabletop,678.0,B07HJ59J4J,2026-02-06,,,,,
In Stock,ACTIVE,0.19,18.0,4.54,4.0,21.0,6.0,0.0,True,,4.7,2447.0,4.54,,,117.0,Glad,,"B07HJ59J4J (Glad - 16oz Paper Bowls, 15ct - Green Victorian (French/English))",[],True,False,True,False,Disposable Tabletop,681.0,B07HJ59J4J,2026-02-05,,,,,
In Stock,ACTIVE,0.086,14.0,4.54,3.0,35.0,6.0,0.0,True,,4.7,2447.0,4.54,,,110.0,Glad,,"B07HJ59J4J (Glad - 16oz Paper Bowls, 15ct - Green Victorian (French/English))",[],True,False,True,False,Disposable Tabletop,683.0,B07HJ59J4J,2026-02-04,,,,,
In Stock,ACTIVE,0.12,13.0,4.17,3.0,25.0,6.0,0.0,True,,4.7,2447.0,4.99,,,103.0,Glad,,"B07HJ59J4J (Glad - 16oz Paper Bowls, 15ct - Green Victorian (French/English))",[],True,False,True,False,Disposable Tabletop,686.0,B07HJ59J4J,2026-02-03,,,,,
In Stock,ACTIVE,0.045,5.0,4.99,1.0,22.0,6.0,0.0,True,,4.7,2447.0,4.99,,,93.0,Glad,,"B07HJ59J4J (Glad - 16oz Paper Bowls, 15ct - Green Victorian (French/English))",[],True,False,True,False,Disposable Tabletop,693.0,B07HJ59J4J,2026-02-02,,,,,
In Stock,ACTIVE,0.294,15.0,2.99,5.0,17.0,18.0,0.0,True,,4.7,2447.0,4.99,,,107.0,Glad,,"B07HJ59J4J (Glad - 16oz Paper Bowls, 15ct - Green Victorian (French/English))",[],True,False,True,False,Disposable Tabletop,687.0,B07HJ59J4J,2026-02-01,,,,,
In Stock,ACTIVE,0.24,26.0,4.39,6.0,25.0,6.0,0.0,True,,4.7,2447.0,4.59,,,127.0,Glad,,"B07HJ59J4J (Glad - 16oz Paper Bowls, 15ct - Green Victorian (French/English))",[],True,False,True,False,Disposable Tabletop,676.0,B07HJ59J4J,2026-01-31,,,,,
In Stock,ACTIVE,0.05,5.0,4.99,1.0,20.0,6.0,0.0,True,,4.7,2446.0,4.49,,,126.0,Glad,,"B07HJ59J4J (Glad - 16oz Paper Bowls, 15ct - Green Victorian (French/English))",[],True,False,True,False,Disposable Tabletop,694.0,B07HJ59J4J,2026-01-30,,,,,
In Stock,ACTIVE,-0.05,-4.0,4.29,-1.0,20.0,6.0,0.0,True,,4.7,2446.0,4.49,,,96.0,Glad,,"B07HJ59J4J (Glad - 16oz Paper Bowls, 15ct - Green Victorian (French/English))",[],True,False,True,False,Disposable Tabletop,695.0,B07HJ59J4J,2026-01-29,,,,,
In Stock,ACTIVE,0.048,4.0,4.49,1.0,21.0,6.0,0.0,True,,4.7,2446.0,4.49,,,100.0,Glad,,"B07HJ59J4J (Glad - 16oz Paper Bowls, 15ct - Green Victorian (French/English))",[],True,False,True,False,Disposable Tabletop,703.0,B07HJ59J4J,2026-01-28,,,,,
In Stock,ACTIVE,0.222,18.0,4.49,4.0,18.0,6.0,0.0,True,,4.7,2446.0,4.49,,,99.0,Glad,,"B07HJ59J4J (Glad - 16oz Paper Bowls, 15ct - Green Victorian (French/English))",[],True,False,True,False,Disposable Tabletop,706.0,B07HJ59J4J,2026-01-27,,,,,
In Stock,ACTIVE,-0.042,-5.0,5.49,-1.0,24.0,6.0,0.0,True,,4.7,2446.0,4.49,,,97.0,Glad,,"B07HJ59J4J (Glad - 16oz Paper Bowls, 15ct - Green Victorian (French/English))",[],True,False,True,False,Disposable Tabletop,706.0,B07HJ59J4J,2026-01-26,,,,,
In Stock,ACTIVE,0.091,9.0,4.49,2.0,22.0,6.0,0.0,True,,4.7,2446.0,4.49,,,99.0,Glad,,"B07HJ59J4J (Glad - 16oz Paper Bowls, 15ct - Green Victorian (French/English))",[],True,False,True,False,Disposable Tabletop,708.0,B07HJ59J4J,2026-01-25,,,,,
In Stock,ACTIVE,0.05599999999999999,4.0,4.3,1.0,18.0,6.0,0.0,True,,4.7,2446.0,4.49,,,102.0,Glad,,"B07HJ59J4J (Glad - 16oz Paper Bowls, 15ct - Green Victorian (French/English))",[],True,False,True,False,Disposable Tabletop,708.0,B07HJ59J4J,2026-01-24,,,,,
In Stock,ACTIVE,0.0,0.0,,0.0,6.0,6.0,0.0,True,,4.7,2446.0,4.99,,,108.0,Glad,,"B07HJ59J4J (Glad - 16oz Paper Bowls, 15ct - Green Victorian (French/English))",[],True,False,True,False,Disposable Tabletop,708.0,B07HJ59J4J,2026-01-23,,,,,
In Stock,ACTIVE,0.0,0.0,,0.0,14.0,6.0,0.0,True,,4.7,2443.0,4.99,,,117.0,Glad,,"B07HJ59J4J (Glad - 16oz Paper Bowls, 15ct - Green Victorian (French/English))",[],True,False,True,False,Disposable Tabletop,708.0,B07HJ59J4J,2026-01-22,,,,,
In Stock,ACTIVE,0.429,30.0,4.99,6.0,14.0,6.0,0.0,True,,4.7,2443.0,4.99,,,135.0,Glad,,"B07HJ59J4J (Glad - 16oz Paper Bowls, 15ct - Green Victorian (French/English))",[],True,False,True,False,Disposable Tabletop,712.0,B07HJ59J4J,2026-01-21,,,,,
In Stock,ACTIVE,0.222,9.0,4.3,2.0,9.0,6.0,0.0,True,,4.7,2443.0,4.3,,,145.0,Glad,,"B07HJ59J4J (Glad - 16oz Paper Bowls, 15ct - Green Victorian (French/English))",[],True,False,True,False,Disposable Tabletop,715.0,B07HJ59J4J,2026-01-20,,,,,
In Stock,ACTIVE,0.105,9.0,4.3,2.0,19.0,6.0,0.0,True,,4.6,2443.0,4.3,,,139.0,Glad,,"B07HJ59J4J (Glad - 16oz Paper Bowls, 15ct - Green Victorian (French/English))",[],True,False,True,False,Disposable Tabletop,720.0,B07HJ59J4J,2026-01-19,,,,,
In Stock,ACTIVE,0.267,17.0,4.3,4.0,15.0,6.0,0.0,True,,4.6,2443.0,4.3,,,150.0,Glad,,"B07HJ59J4J (Glad - 16oz Paper Bowls, 15ct - Green Victorian (French/English))",[],True,False,True,False,Disposable Tabletop,720.0,B07HJ59J4J,2026-01-18,,,,,
In Stock,ACTIVE,0.143,13.0,4.3,3.0,21.0,6.0,0.0,True,,4.6,2443.0,4.3,,,127.0,Glad,,"B07HJ59J4J (Glad - 16oz Paper Bowls, 15ct - Green Victorian (French/English))",[],True,False,True,False,Disposable Tabletop,721.0,B07HJ59J4J,2026-01-17,,,,,
In Stock,ACTIVE,0.0,0.0,,0.0,13.0,6.0,0.0,True,,4.6,2443.0,4.3,,,135.0,Glad,,"B07HJ59J4J (Glad - 16oz Paper Bowls, 15ct - Green Victorian (French/English))",[],True,False,True,False,Disposable Tabletop,723.0,B07HJ59J4J,2026-01-16,,,,,
In Stock,ACTIVE,0.188,13.0,4.3,3.0,16.0,6.0,0.0,True,,4.6,2442.0,4.3,,,118.0,Glad,,"B07HJ59J4J (Glad - 16oz Paper Bowls, 15ct - Green Victorian (French/English))",[],True,False,True,False,Disposable Tabletop,725.0,B07HJ59J4J,2026-01-15,,,,,
In Stock,ACTIVE,0.059,4.0,4.3,1.0,17.0,6.0,0.0,True,,4.6,2442.0,4.3,,,117.0,Glad,,"B07HJ59J4J (Glad - 16oz Paper Bowls, 15ct - Green Victorian (French/English))",[],True,False,True,False,Disposable Tabletop,728.0,B07HJ59J4J,2026-01-14,,,,,
In Stock,ACTIVE,0.0,0.0,,0.0,14.0,6.0,0.0,True,,4.6,2441.0,4.29,,,113.0,Glad,,"B07HJ59J4J (Glad - 16oz Paper Bowls, 15ct - Green Victorian (French/English))",[],True,False,True,False,Disposable Tabletop,729.0,B07HJ59J4J,2026-01-13,,,,,
In Stock,ACTIVE,0.2,17.0,4.29,4.0,20.0,6.0,0.0,True,,4.6,2441.0,4.29,,,130.0,Glad,,"B07HJ59J4J (Glad - 16oz Paper Bowls, 15ct - Green Victorian (French/English))",[],True,False,True,False,Disposable Tabletop,731.0,B07HJ59J4J,2026-01-12,,,,,
In Stock,ACTIVE,0.048,4.0,4.29,1.0,21.0,6.0,0.0,True,,4.6,2439.0,4.29,,,117.0,Glad,,"B07HJ59J4J (Glad - 16oz Paper Bowls, 15ct - Green Victorian (French/English))",[],True,False,True,False,Disposable Tabletop,732.0,B07HJ59J4J,2026-01-11,,,,,
In Stock,ACTIVE,0.091,5.0,4.74,1.0,11.0,6.0,0.0,True,,4.6,2437.0,4.74,,,120.0,Glad,,"B07HJ59J4J (Glad - 16oz Paper Bowls, 15ct - Green Victorian (French/English))",[],True,False,True,False,Disposable Tabletop,735.0,B07HJ59J4J,2026-01-10,,,,,
